// Bun Snapshot v1, https://bun.sh/docs/test/snapshots

exports[`emits and inventories the exact collaboration nondisclosure transcript 1`] = `
"{"format":"questpie.relational-nondisclosure","queries":[{"countOracle":"absent","keyedLookup":{"disclosure":"outcomeOnly","keyField":"collection:messages/field:id","outcomeColumn":"qp_key_outcome","outcomes":{"authorized":"found","unavailable":"notFound"},"proofPlanDigest":"96773690861df9528ba529ae2db316ae5550ab2ee825651389db0a7f1006a4ca"},"page":{"firstPlusOneSentinel":"authorizedBaseOnly","rows":"authorizedBaseOnly"},"policy":"policy:messages.default","policyProgramDigest":"2c458c2404dd8cb98f44a4bfe1da302709456c9b5f867806875a90962cb37af9","postgresQueryPlanDigest":"acfeae35869d926ad805e0a25b924fda7701f4ce08f227b0517012038e886282","queryDigest":"f8a8863315d764beca14f8bf1fcb9fde233cc12e2325935213a027b91bbc596b","relation":{"missing":null,"policyInvisible":null},"selectedFieldDenied":"omitProperty","templateDigest":"f8a8863315d764beca14f8bf1fcb9fde233cc12e2325935213a027b91bbc596b"}],"version":1}
"
`;
