// Bun Snapshot v1, https://bun.sh/docs/test/snapshots

exports[`emits and inventories the exact collaboration nondisclosure transcript 1`] = `
"{"format":"questpie.relational-nondisclosure","queries":[{"countOracle":"absent","keyedLookup":{"disclosure":"outcomeOnly","keyField":"collection:messages/field:id","outcomeColumn":"qp_key_outcome","outcomes":{"authorized":"found","unavailable":"notFound"},"proofPlanDigest":"96773690861df9528ba529ae2db316ae5550ab2ee825651389db0a7f1006a4ca"},"page":{"firstPlusOneSentinel":"authorizedBaseOnly","rows":"authorizedBaseOnly"},"policy":"policy:messages.default","policyProgramDigest":"7e56bb559b97fde86b259d10977d36e4ba768dd93da30d565a5594c6b4e66c20","postgresQueryPlanDigest":"798ecfc4253d9cef858e6685d72de18a1835c66215501bc52e59c203ecd01a80","queryDigest":"d6d901c38dd4e42de880724f84376416a712d2567013193fba3d47b0c23e8c81","relation":{"missing":null,"policyInvisible":null},"selectedFieldDenied":"omitProperty","templateDigest":"d6d901c38dd4e42de880724f84376416a712d2567013193fba3d47b0c23e8c81"}],"version":1}
"
`;
