// Bun Snapshot v1, https://bun.sh/docs/test/snapshots

exports[`emits and inventories the exact collaboration nondisclosure transcript 1`] = `
"{"format":"questpie.relational-nondisclosure","queries":[{"countOracle":"absent","keyedLookup":{"disclosure":"outcomeOnly","keyField":"collection:messages/field:id","outcomeColumn":"qp_key_outcome","outcomes":{"authorized":"found","unavailable":"notFound"},"proofPlanDigest":"96773690861df9528ba529ae2db316ae5550ab2ee825651389db0a7f1006a4ca"},"page":{"firstPlusOneSentinel":"authorizedBaseOnly","rows":"authorizedBaseOnly"},"policy":"policy:messages.default","policyProgramDigest":"ba9a6a4668910504c12b812177bbf9171a10f5b56a152d224f36807c58b3cf7e","postgresQueryPlanDigest":"1fca7196fe2f6f63bdb9c25aae1169a1995beb213ad37cbc3f44b164c4918e20","queryDigest":"aaca45ad63c03e0f550504a3d933f2c75b4551965f589ed041f7aa4184c38ab0","relation":{"missing":null,"policyInvisible":null},"selectedFieldDenied":"omitProperty","templateDigest":"aaca45ad63c03e0f550504a3d933f2c75b4551965f589ed041f7aa4184c38ab0"}],"version":1}
"
`;
